<?xml version="1.0" encoding="UTF-8"?>
<testsuites name="jest tests" tests="27" failures="0" errors="0" time="8.243">
  <testsuite name="View Product" errors="0" failures="0" skipped="0" timestamp="2023-05-29T05:58:02" time="3.119" tests="1">
    <testcase classname="View Product should render product details" name="View Product should render product details" time="0.433">
    </testcase>
  </testsuite>
  <testsuite name="Signup component" errors="0" failures="0" skipped="0" timestamp="2023-05-29T05:58:02" time="3.171" tests="2">
    <testcase classname="Signup component should render signup form" name="Signup component should render signup form" time="0.284">
    </testcase>
    <testcase classname="Signup component should submit the form and register user" name="Signup component should submit the form and register user" time="0.174">
    </testcase>
  </testsuite>
  <testsuite name="Product component" errors="0" failures="0" skipped="0" timestamp="2023-05-29T05:58:05" time="1.064" tests="1">
    <testcase classname="Product component should render Product details " name="Product component should render Product details " time="0.143">
    </testcase>
  </testsuite>
  <testsuite name="Store Component" errors="0" failures="0" skipped="0" timestamp="2023-05-29T05:58:05" time="1.099" tests="1">
    <testcase classname="Store Component render Store Component and load products" name="Store Component render Store Component and load products" time="0.191">
    </testcase>
  </testsuite>
  <testsuite name="Render App" errors="0" failures="0" skipped="0" timestamp="2023-05-29T05:58:02" time="4.747" tests="9">
    <testcase classname="Render App should render app without errors" name="Render App should render app without errors" time="0.327">
    </testcase>
    <testcase classname="Render App should render Navbar" name="Render App should render Navbar" time="0.722">
    </testcase>
    <testcase classname="Render App should render Banner" name="Render App should render Banner" time="0.064">
    </testcase>
    <testcase classname="Render App Render Pages should render about Page" name="Render App Render Pages should render about Page" time="0.012">
    </testcase>
    <testcase classname="Render App Render Pages should render Login Page" name="Render App Render Pages should render Login Page" time="0.353">
    </testcase>
    <testcase classname="Render App Render Pages should render SignUp Page" name="Render App Render Pages should render SignUp Page" time="0.029">
    </testcase>
    <testcase classname="Render App Render Pages should render Store Page" name="Render App Render Pages should render Store Page" time="0.061">
    </testcase>
    <testcase classname="Render App Render Pages should render Cart Page" name="Render App Render Pages should render Cart Page" time="0.013">
    </testcase>
    <testcase classname="Render App Render Pages should render users Cart" name="Render App Render Pages should render users Cart" time="0.015">
    </testcase>
  </testsuite>
  <testsuite name="Render App" errors="0" failures="0" skipped="0" timestamp="2023-05-29T05:58:02" time="4.737" tests="9">
    <testcase classname="Render App should render app without errors" name="Render App should render app without errors" time="0.311">
    </testcase>
    <testcase classname="Render App should render Navbar" name="Render App should render Navbar" time="0.709">
    </testcase>
    <testcase classname="Render App should render Banner" name="Render App should render Banner" time="0.065">
    </testcase>
    <testcase classname="Render App Render Pages should render about Page" name="Render App Render Pages should render about Page" time="0.016">
    </testcase>
    <testcase classname="Render App Render Pages should render Login Page" name="Render App Render Pages should render Login Page" time="0.36">
    </testcase>
    <testcase classname="Render App Render Pages should render SignUp Page" name="Render App Render Pages should render SignUp Page" time="0.04">
    </testcase>
    <testcase classname="Render App Render Pages should render Store Page" name="Render App Render Pages should render Store Page" time="0.058">
    </testcase>
    <testcase classname="Render App Render Pages should render Cart Page" name="Render App Render Pages should render Cart Page" time="0.008">
    </testcase>
    <testcase classname="Render App Render Pages should render users Cart" name="Render App Render Pages should render users Cart" time="0.013">
    </testcase>
  </testsuite>
  <testsuite name="SearchBar Product" errors="0" failures="0" skipped="0" timestamp="2023-05-29T05:58:06" time="0.952" tests="2">
    <testcase classname="SearchBar Product should render the search input" name="SearchBar Product should render the search input" time="0.031">
    </testcase>
    <testcase classname="SearchBar Product should display search results " name="SearchBar Product should display search results " time="0.021">
    </testcase>
  </testsuite>
  <testsuite name="Login component" errors="0" failures="0" skipped="0" timestamp="2023-05-29T05:58:06" time="1.018" tests="2">
    <testcase classname="Login component should render Login form" name="Login component should render Login form" time="0.111">
    </testcase>
    <testcase classname="Login component should submit Login form and login user" name="Login component should submit Login form and login user" time="0.029">
    </testcase>
  </testsuite>
</testsuites>